[1/152] ry
[2/152] rfc-13
[3/152] rfa_rfb
[4/152] ra-9201
[5/152] ra-6201
[6/152] re-6201
[7/152] ra-9091
[8/152] ra-6091
[9/152] rd-6091
[10/152] rg-6091
[11/152] rc-6094
[12/152] rb-6098
[13/152] sy
[14/152] scc
[15/152] sca
[16/152] sa
[17/152] sa_k
[18/152] saa-331
[19/152] sab-331
[20/152] saa-231
[21/152] sg-23071
[22/152] sag-231
[23/152] we1200
[24/152] we
[25/152] wet1200
[26/152] wet
[27/152] wb-57
[28/152] wb-67
[29/152] wbt-5203
[30/152] wbt-6203
[31/152] wbs-53022
[32/152] wbs-63022
[33/152] wb57-ega
[34/152] wb67-ega
[35/152] wa-57
[36/152] wa-67
[37/152] wa-77
[38/152] wat-5203
[39/152] wat-6203
[40/152] wat-7203
[41/152] was-54
[42/152] was-74
[43/152] was-57042
[44/152] was-67053
[45/152] was-77042
[46/152] wad-77041
[47/152] wa-57m
[48/152] wa-67m
[49/152] wa-57a
[50/152] wa-67a
[51/152] wd-48
[52/152] wd-58
[53/152] wd-68
[54/152] wd-4801
[55/152] wd-5801
[56/152] wd-6801
[57/152] wdt-4202
[58/152] wdt-5203
[59/152] wdt-6203
[60/152] wd-48s
[61/152] wd-58s
[62/152] wd-68s
[63/152] wp-6
[64/152] wdt-48s
[65/152] wp-51
[66/152] wdt-58s
[67/152] wdt-68s
[68/152] wd-4ms
[69/152] wp-53
[70/152] wd-5ms
[71/152] wp-9_1
[72/152] wd-6ms
[73/152] whb-88
[74/152] whb-881
[75/152] whb-882
[76/152] wha-882
[77/152] wkt_5102
[78/152] ega-1
[79/152] ega-2m
[80/152] egl-1
[81/152] egm-1
[82/152] ela-1
[83/152] els-2
[84/152] ea-7
[85/152] ea-10
[86/152] ea-12
[87/152] ea-7m
[88/152] eka-3m
[89/152] ekb-3m
[90/152] eka-3ms
[91/152] ekc
[92/152] ekk-1m
[93/152] ea-10n
[94/152] ea-12n
[95/152] ea-7mn
[96/152] ea-10mn
[97/152] ens-1
[98/152] ens-3
[99/152] enr-12
[100/152] san-33
[101/152] san-36
[102/152] san-36k
[103/152] mb-2
[104/152] mb-3
[105/152] me
[106/152] km-22
[107/152] km-23
[108/152] kr-13
[109/152] kr-14
[110/152] kr-23
[111/152] kr-24
[112/152] da-3
[113/152] db-3
[114/152] dd-3
[115/152] locker-white
[116/152] locker-gray
[117/152] tki-1
[118/152] tki-2
[119/152] cea-3
[120/152] ceh-3
[121/152] ra-5
[122/152] rb-5
[123/152] ta-1
[124/152] tki-83
[125/152] tc-11
[126/152] tki-30
[127/152] toa-14
[128/152] a4l-104
[129/152] a4l-204
[130/152] a4l-110
[131/152] a4l-220
[132/152] a4l-330
[133/152] a4l-330d
[134/152] kq-3
[135/152] kq-306as
[136/152] kh-3
[137/152] kp-3
[138/152] kp-6
[139/152] kp-7
[140/152] kpq-4306
[141/152] kpq-4301
[142/152] kp-17
[143/152] kp-46
[144/152] kp-45
[145/152] kp-44
[146/152] kp-42
[147/152] kp-41
[148/152] kp-6109
[149/152] kp-43
[150/152] kp-4802
[151/152] te_211
[152/152] haa

Done. 152 products, 280 spec blocks total, 0 failures
